[2026-05-28 10:59:55] [INFO] Téléchargement : https://www.brvm.org/fr/cours-des-actions/0/particuliers
[2026-05-28 10:59:56] [WARN] Erreur téléchargement https://www.brvm.org/fr/cours-des-actions/0/particuliers: HTTPSConnectionPool(host='www.brvm.org', port=443): Max retries exceeded with url: /fr/cours-des-actions/0/particuliers (Caused by SSLError(SSLCertVerificationError(1, '[SSL: CERTIFICATE_VERIFY_FAILED] certificate verify failed: unable to get local issuer certificate (_ssl.c:1081)')))
[2026-05-28 10:59:56] [WARN] Échec téléchargement page
[2026-05-28 10:59:56] [INFO] Téléchargement : https://www.brvm.org/fr/cours-des-actions/1/particuliers
[2026-05-28 10:59:56] [WARN] Erreur téléchargement https://www.brvm.org/fr/cours-des-actions/1/particuliers: HTTPSConnectionPool(host='www.brvm.org', port=443): Max retries exceeded with url: /fr/cours-des-actions/1/particuliers (Caused by SSLError(SSLCertVerificationError(1, '[SSL: CERTIFICATE_VERIFY_FAILED] certificate verify failed: unable to get local issuer certificate (_ssl.c:1081)')))
[2026-05-28 10:59:56] [WARN] Échec téléchargement page
[2026-05-28 10:59:56] [WARN] Scraping impossible (CAPTCHA, réseau ou structure HTML modifiée)
[2026-05-28 10:59:56] [INFO] Génération d'un CSV d'exemple...
[2026-05-28 10:59:56] [INFO] Génération d'un CSV d'exemple (données à compléter manuellement)...
[2026-05-28 10:59:56] [INFO] ✅ 19 lignes sauvegardées dans brvm_cours.csv
[2026-05-28 11:01:14] [INFO] Téléchargement : https://www.brvm.org/fr/cours-des-actions/0/particuliers
[2026-05-28 11:01:14] [WARN]   Certificat SSL non reconnu — nouvelle tentative sans vérification SSL...
[2026-05-28 11:01:16] [WARN] Erreur téléchargement https://www.brvm.org/fr/cours-des-actions/0/particuliers: 404 Client Error: Not Found for url: https://www.brvm.org/fr/cours-des-actions/0/particuliers
[2026-05-28 11:01:16] [WARN] Échec téléchargement page
[2026-05-28 11:01:16] [INFO] Téléchargement : https://www.brvm.org/fr/cours-des-actions/1/particuliers
[2026-05-28 11:01:16] [WARN]   Certificat SSL non reconnu — nouvelle tentative sans vérification SSL...
[2026-05-28 11:01:17] [WARN] Erreur téléchargement https://www.brvm.org/fr/cours-des-actions/1/particuliers: 404 Client Error: Not Found for url: https://www.brvm.org/fr/cours-des-actions/1/particuliers
[2026-05-28 11:01:17] [WARN] Échec téléchargement page
[2026-05-28 11:01:17] [WARN] Scraping impossible (CAPTCHA, réseau ou structure HTML modifiée)
[2026-05-28 11:01:17] [INFO] Génération d'un CSV d'exemple...
[2026-05-28 11:01:17] [INFO] Génération d'un CSV d'exemple (données à compléter manuellement)...
[2026-05-28 11:01:17] [ERROR] Erreur inattendue : [Errno 13] Permission denied: 'F:\\Perso\\BRVM\\PROJET BRVM\\brvm_cours.csv'
[2026-05-28 11:01:40] [INFO] Téléchargement : https://www.brvm.org/fr/cours-des-actions/0/particuliers
[2026-05-28 11:01:40] [WARN]   Certificat SSL non reconnu — nouvelle tentative sans vérification SSL...
[2026-05-28 11:01:41] [WARN] Erreur téléchargement https://www.brvm.org/fr/cours-des-actions/0/particuliers: 404 Client Error: Not Found for url: https://www.brvm.org/fr/cours-des-actions/0/particuliers
[2026-05-28 11:01:41] [WARN] Échec téléchargement page
[2026-05-28 11:01:41] [INFO] Téléchargement : https://www.brvm.org/fr/cours-des-actions/1/particuliers
[2026-05-28 11:01:41] [WARN]   Certificat SSL non reconnu — nouvelle tentative sans vérification SSL...
[2026-05-28 11:01:43] [WARN] Erreur téléchargement https://www.brvm.org/fr/cours-des-actions/1/particuliers: 404 Client Error: Not Found for url: https://www.brvm.org/fr/cours-des-actions/1/particuliers
[2026-05-28 11:01:43] [WARN] Échec téléchargement page
[2026-05-28 11:01:43] [WARN] Scraping impossible (CAPTCHA, réseau ou structure HTML modifiée)
[2026-05-28 11:01:43] [INFO] Génération d'un CSV d'exemple...
[2026-05-28 11:01:43] [INFO] Génération d'un CSV d'exemple (données à compléter manuellement)...
[2026-05-28 11:01:43] [INFO] ✅ 19 lignes sauvegardées dans brvm_cours.csv
