[2026-06-01 11:58:55] [INFO] 📥 Bulletin manuel : jeudi 28 mai 2026.pdf
[2026-06-01 11:58:55] [INFO] 
──────────────────────────────────────────────────
[2026-06-01 11:58:55] [INFO] 📄 Traitement : jeudi 28 mai 2026.pdf
[2026-06-01 11:58:55] [INFO]   Lecture PDF : jeudi 28 mai 2026.pdf (18 pages)
[2026-06-01 11:58:55] [INFO]   → 0 titres extraits
[2026-06-01 11:58:55] [ERROR] ❌ Aucun cours extrait
[2026-06-01 12:00:03] [INFO] 📥 Bulletin manuel : jeudi 28 mai 2026.pdf
[2026-06-01 12:00:03] [INFO] 
──────────────────────────────────────────────────
[2026-06-01 12:00:03] [INFO] 📄 Traitement : jeudi 28 mai 2026.pdf
[2026-06-01 12:00:03] [INFO]   Lecture PDF : jeudi 28 mai 2026.pdf (18 pages)
[2026-06-01 12:00:03] [INFO]   → 47 titres extraits
[2026-06-01 12:00:03] [INFO] 
  Ticker      Clôture       Var
[2026-06-01 12:00:03] [INFO]   ──────── ──────────  ────────
[2026-06-01 12:00:03] [INFO]   ABJC          3,000  ▲ 4.17%
[2026-06-01 12:00:03] [INFO]   BICB          5,200  ▲ 0.19%
[2026-06-01 12:00:03] [INFO]   BICC         27,895  ▲ 1.44%
[2026-06-01 12:00:03] [INFO]   BNBC          1,585  ▲ 6.02%
[2026-06-01 12:00:03] [INFO]   BOAB          8,930  ▲ 0.34%
[2026-06-01 12:00:03] [INFO]   BOABF         5,600  ▲ 1.82%
[2026-06-01 12:00:03] [INFO]   BOAC          8,845  ▲ 0.23%
[2026-06-01 12:00:03] [INFO]   BOAM          5,090  ▲ 1.80%
[2026-06-01 12:00:03] [INFO]   BOAN          3,730  ▼ 0.27%
[2026-06-01 12:00:03] [INFO]   BOAS          7,700  ▼ 0.58%
[2026-06-01 12:00:03] [INFO]   CABC          3,750  ▲ 1.35%
[2026-06-01 12:00:03] [INFO]   CBIBF        21,495  ▲ 0.14%
[2026-06-01 12:00:03] [INFO]   CFAC          1,485  ─ 0.00%
[2026-06-01 12:00:03] [INFO]   CIEC          4,055  ▲ 1.12%
[2026-06-01 12:00:03] [INFO]   ECOC         16,300  ─ 0.00%
[2026-06-01 12:00:03] [INFO]   ETIT             30  ▲ 3.45%
[2026-06-01 12:00:03] [INFO]   FTSC          2,255  ▼ 1.96%
[2026-06-01 12:00:03] [INFO]   LNBB          3,825  ▼ 4.14%
[2026-06-01 12:00:03] [INFO]   NEIC          1,900  ─ 0.00%
[2026-06-01 12:00:03] [INFO]   NSBC         17,980  ▼ 0.11%
[2026-06-01 12:00:03] [INFO]   NTLC         12,900  ▼ 0.81%
[2026-06-01 12:00:03] [INFO]   ONTBF         2,850  ▼ 0.18%
[2026-06-01 12:00:03] [INFO]   ORAC         16,000  ▲ 1.91%
[2026-06-01 12:00:03] [INFO]   ORGT          2,735  ▼ 0.18%
[2026-06-01 12:00:03] [INFO]   PALC          7,995  ▲ 2.50%
[2026-06-01 12:00:03] [INFO]   PRSC          4,435  ▼ 0.78%
[2026-06-01 12:00:03] [INFO]   SAFC          3,600  ─ 0.00%
[2026-06-01 12:00:03] [INFO]   SCRC          2,650  ▲ 6.00%
[2026-06-01 12:00:03] [INFO]   SDCC         11,050  ▼ 0.50%
[2026-06-01 12:00:03] [INFO]   SDSC          1,750  ▲ 3.55%
[2026-06-01 12:00:03] [INFO]   SEMC          1,400  ▼ 1.06%
[2026-06-01 12:00:03] [INFO]   SGBC         36,940  ▲ 0.93%
[2026-06-01 12:00:03] [INFO]   SHEC          1,915  ▲ 0.26%
[2026-06-01 12:00:03] [INFO]   SIBC          7,805  ▲ 1.36%
[2026-06-01 12:00:03] [INFO]   SICC          4,380  ▼ 0.23%
[2026-06-01 12:00:03] [INFO]   SIVC          2,875  ─ 0.00%
[2026-06-01 12:00:03] [INFO]   SLBC         38,945  ▲ 2.46%
[2026-06-01 12:00:03] [INFO]   SMBC         13,350  ▲ 2.69%
[2026-06-01 12:00:03] [INFO]   SNTS         28,200  ▼ 0.88%
[2026-06-01 12:00:03] [INFO]   SOGC          7,380  ▼ 0.20%
[2026-06-01 12:00:03] [INFO]   SPHC          6,995  ▲ 0.72%
[2026-06-01 12:00:03] [INFO]   STAC          2,885  ▼ 7.38%
[2026-06-01 12:00:03] [INFO]   STBC         21,000  ▼ 1.36%
[2026-06-01 12:00:03] [INFO]   TTLC          2,880  ▲ 0.35%
[2026-06-01 12:00:03] [INFO]   TTLS          3,300  ▲ 3.13%
[2026-06-01 12:00:03] [INFO]   UNLC         56,300  ▲ 0.17%
[2026-06-01 12:00:03] [INFO]   UNXC          1,770  ▼ 0.56%
[2026-06-01 12:00:03] [INFO] ✅ JSON : brvm_cours.json (47 titres)
[2026-06-01 12:00:03] [INFO] ✅ HTML patché : 45/47 titres
[2026-06-01 12:00:03] [INFO] 
✅ Terminé — 47 titres mis à jour
[2026-06-01 12:16:40] [INFO] 📥 Bulletin manuel : vendredi 29 mai 2026.pdf
[2026-06-01 12:16:40] [INFO] 
──────────────────────────────────────────────────
[2026-06-01 12:16:40] [INFO] 📄 Traitement : vendredi 29 mai 2026.pdf
[2026-06-01 12:16:40] [INFO]   Lecture PDF : vendredi 29 mai 2026.pdf (18 pages)
[2026-06-01 12:16:40] [INFO]   → 47 titres extraits
[2026-06-01 12:16:40] [INFO] 
  Ticker      Clôture       Var
[2026-06-01 12:16:40] [INFO]   ──────── ──────────  ────────
[2026-06-01 12:16:40] [INFO]   ABJC          3,185  ▲ 6.17%
[2026-06-01 12:16:40] [INFO]   BICB          5,250  ▲ 0.96%
[2026-06-01 12:16:40] [INFO]   BICC         28,250  ▲ 1.27%
[2026-06-01 12:16:40] [INFO]   BNBC          1,585  ─ 0.00%
[2026-06-01 12:16:40] [INFO]   BOAB          8,900  ▼ 0.34%
[2026-06-01 12:16:40] [INFO]   BOABF         5,600  ─ 0.00%
[2026-06-01 12:16:40] [INFO]   BOAC          8,845  ─ 0.00%
[2026-06-01 12:16:40] [INFO]   BOAM          5,200  ▲ 2.16%
[2026-06-01 12:16:40] [INFO]   BOAN          3,730  ─ 0.00%
[2026-06-01 12:16:40] [INFO]   BOAS          7,545  ▲ 4.07%
[2026-06-01 12:16:40] [INFO]   CABC          3,500  ▼ 2.78%
[2026-06-01 12:16:40] [INFO]   CBIBF        21,560  ▲ 0.30%
[2026-06-01 12:16:40] [INFO]   CFAC          1,510  ▲ 1.68%
[2026-06-01 12:16:40] [INFO]   CIEC          4,150  ▲ 2.34%
[2026-06-01 12:16:40] [INFO]   ECOC         16,290  ▼ 0.06%
[2026-06-01 12:16:40] [INFO]   ETIT             30  ─ 0.00%
[2026-06-01 12:16:40] [INFO]   FTSC          2,340  ▲ 3.77%
[2026-06-01 12:16:40] [INFO]   LNBB          3,845  ▲ 0.52%
[2026-06-01 12:16:40] [INFO]   NEIC          1,950  ▲ 2.63%
[2026-06-01 12:16:40] [INFO]   NSBC         18,000  ▲ 0.11%
[2026-06-01 12:16:40] [INFO]   NTLC         12,800  ▼ 0.78%
[2026-06-01 12:16:40] [INFO]   ONTBF         2,900  ▲ 1.75%
[2026-06-01 12:16:40] [INFO]   ORAC         16,000  ─ 0.00%
[2026-06-01 12:16:40] [INFO]   ORGT          2,600  ▼ 4.94%
[2026-06-01 12:16:40] [INFO]   PALC          7,975  ▼ 0.25%
[2026-06-01 12:16:40] [INFO]   PRSC          4,290  ▼ 3.27%
[2026-06-01 12:16:40] [INFO]   SAFC          3,595  ▼ 0.14%
[2026-06-01 12:16:40] [INFO]   SCRC          2,775  ▲ 4.72%
[2026-06-01 12:16:40] [INFO]   SDCC         11,025  ▼ 0.23%
[2026-06-01 12:16:40] [INFO]   SDSC          1,810  ▲ 3.43%
[2026-06-01 12:16:40] [INFO]   SEMC          1,440  ▲ 2.86%
[2026-06-01 12:16:40] [INFO]   SGBC         37,000  ▲ 0.16%
[2026-06-01 12:16:40] [INFO]   SHEC          1,915  ─ 0.00%
[2026-06-01 12:16:40] [INFO]   SIBC          8,195  ▲ 5.00%
[2026-06-01 12:16:40] [INFO]   SICC          4,280  ▼ 2.28%
[2026-06-01 12:16:40] [INFO]   SIVC          2,875  ─ 0.00%
[2026-06-01 12:16:40] [INFO]   SLBC         38,500  ▼ 1.14%
[2026-06-01 12:16:40] [INFO]   SMBC         13,350  ─ 0.00%
[2026-06-01 12:16:40] [INFO]   SNTS         28,450  ▲ 0.89%
[2026-06-01 12:16:40] [INFO]   SOGC          7,300  ▼ 1.08%
[2026-06-01 12:16:40] [INFO]   SPHC          6,950  ▼ 0.64%
[2026-06-01 12:16:40] [INFO]   STAC          3,000  ▲ 3.99%
[2026-06-01 12:16:40] [INFO]   STBC         21,000  ─ 0.00%
[2026-06-01 12:16:40] [INFO]   TTLC          2,850  ▼ 1.04%
[2026-06-01 12:16:40] [INFO]   TTLS          3,350  ▲ 1.52%
[2026-06-01 12:16:40] [INFO]   UNLC         59,750  ▲ 6.13%
[2026-06-01 12:16:40] [INFO]   UNXC          1,790  ▲ 1.13%
[2026-06-01 12:16:40] [INFO] ✅ JSON : brvm_cours.json (47 titres)
[2026-06-01 12:16:40] [INFO] ✅ HTML patché : 45/47 titres
[2026-06-01 12:16:40] [INFO] 
✅ Terminé — 47 titres mis à jour
